Starting a Gradle Daemon, 1 busy and 1 incompatible Daemons could not be reused, use --status for details
> Task :compileJava UP-TO-DATE
> Task :processResources UP-TO-DATE
> Task :classes UP-TO-DATE
> Task :resolveMainClassName UP-TO-DATE

> Task :bootRun

  .   ____          _            __ _ _
 /\\ / ___'_ __ _ _(_)_ __  __ _ \ \ \ \
( ( )\___ | '_ | '_| | '_ \/ _` | \ \ \ \
 \\/  ___)| |_)| | | | | || (_| |  ) ) ) )
  '  |____| .__|_| |_|_| |_\__, | / / / /
 =========|_|==============|___/=/_/_/_/
 :: Spring Boot ::                (v3.2.5)

2026-04-06T12:40:24.302+05:30  INFO 27040 --- [           main] c.e.EventManagementApplication           : Starting EventManagementApplication using Java 24.0.2 with PID 27040 (C:\Users\mpabh\event-management\backend\build\classes\java\main started by mpabh in C:\Users\mpabh\event-management\backend)
2026-04-06T12:40:24.305+05:30 DEBUG 27040 --- [           main] c.e.EventManagementApplication           : Running with Spring Boot v3.2.5, Spring v6.1.6
2026-04-06T12:40:24.305+05:30  INFO 27040 --- [           main] c.e.EventManagementApplication           : No active profile set, falling back to 1 default profile: "default"
2026-04-06T12:40:25.127+05:30  INFO 27040 --- [           main] .s.d.r.c.RepositoryConfigurationDelegate : Bootstrapping Spring Data JPA repositories in DEFAULT mode.
2026-04-06T12:40:25.204+05:30  INFO 27040 --- [           main] .s.d.r.c.RepositoryConfigurationDelegate : Finished Spring Data repository scanning in 61 ms. Found 2 JPA repository interfaces.
gradle.bat : WARNING: A 
restricted method in 
java.lang.System has been 
called
At line:1 char:177
+ ... C:\Users\mpabh\.jdks
\openjdk-24.0.2+12-54"; & 
$G bootRun 2>&1 | Out-F 
...
+                         
                        
~~~~~~~~~~~~~~~~~
    + CategoryInfo        
      : NotSpecified: (W  
  ARNING: A rest...has    
 been called:String) [    
], RemoteException
    + FullyQualifiedError 
   Id : NativeCommandErr  
  or
 
WARNING: 
java.lang.System::load 
has been called by org.apa
che.tomcat.jni.Library in 
an unnamed module (file:/C
:/Users/mpabh/.gradle/cach
es/modules-2/files-2.1/org
.apache.tomcat.embed/tomca
t-embed-core/10.1.20/ba0dc
784e12086f83d8e1d5a10443b1
66abf5780/tomcat-embed-cor
e-10.1.20.jar)
WARNING: Use --enable-nati
ve-access=ALL-UNNAMED to 
avoid a warning for 
callers in this module
WARNING: Restricted 
methods will be blocked 
in a future release 
unless native access is 
enabled

2026-04-06T12:40:25.817+05:30  INFO 27040 --- [           main] o.s.b.w.embedded.tomcat.TomcatWebServer  : Tomcat initialized with port 8080 (http)
2026-04-06T12:40:25.830+05:30  INFO 27040 --- [           main] o.apache.catalina.core.StandardService   : Starting service [Tomcat]
2026-04-06T12:40:25.831+05:30  INFO 27040 --- [           main] o.apache.catalina.core.StandardEngine    : Starting Servlet engine: [Apache Tomcat/10.1.20]
2026-04-06T12:40:25.923+05:30  INFO 27040 --- [           main] o.a.c.c.C.[Tomcat].[localhost].[/]       : Initializing Spring embedded WebApplicationContext
2026-04-06T12:40:25.923+05:30  INFO 27040 --- [           main] w.s.c.ServletWebServerApplicationContext : Root WebApplicationContext: initialization completed in 1548 ms
2026-04-06T12:40:26.077+05:30  INFO 27040 --- [           main] o.hibernate.jpa.internal.util.LogHelper  : HHH000204: Processing PersistenceUnitInfo [name: default]
2026-04-06T12:40:26.168+05:30  INFO 27040 --- [           main] org.hibernate.Version                    : HHH000412: Hibernate ORM core version 6.4.4.Final
2026-04-06T12:40:26.219+05:30  INFO 27040 --- [           main] o.h.c.internal.RegionFactoryInitiator    : HHH000026: Second-level cache disabled
2026-04-06T12:40:26.541+05:30  INFO 27040 --- [           main] o.s.o.j.p.SpringPersistenceUnitInfo      : No LoadTimeWeaver setup: ignoring JPA class transformer
2026-04-06T12:40:26.599+05:30  INFO 27040 --- [           main] com.zaxxer.hikari.HikariDataSource       : HikariPool-1 - Starting...
2026-04-06T12:40:29.463+05:30  INFO 27040 --- [           main] com.zaxxer.hikari.pool.HikariPool        : HikariPool-1 - Added connection org.postgresql.jdbc.PgConnection@629b780f
2026-04-06T12:40:29.467+05:30  INFO 27040 --- [           main] com.zaxxer.hikari.HikariDataSource       : HikariPool-1 - Start completed.
2026-04-06T12:40:29.761+05:30  WARN 27040 --- [           main] org.hibernate.orm.deprecation            : HHH90000025: PostgreSQLDialect does not need to be specified explicitly using 'hibernate.dialect' (remove the property setting and it will be selected by default)
2026-04-06T12:40:32.292+05:30  INFO 27040 --- [           main] o.h.e.t.j.p.i.JtaPlatformInitiator       : HHH000489: No JTA platform available (set 'hibernate.transaction.jta.platform' to enable JTA platform integration)
2026-04-06T12:40:33.292+05:30  INFO 27040 --- [           main] j.LocalContainerEntityManagerFactoryBean : Initialized JPA EntityManagerFactory for persistence unit 'default'
2026-04-06T12:40:33.983+05:30 DEBUG 27040 --- [           main] c.e.security.JwtAuthFilter               : Filter 'jwtAuthFilter' configured for use
2026-04-06T12:40:34.170+05:30  WARN 27040 --- [           main] JpaBaseConfiguration$JpaWebConfiguration : spring.jpa.open-in-view is enabled by default. Therefore, database queries may be performed during view rendering. Explicitly configure spring.jpa.open-in-view to disable this warning
2026-04-06T12:40:34.718+05:30  INFO 27040 --- [           main] o.s.s.web.DefaultSecurityFilterChain     : Will secure any request with [org.springframework.security.web.session.DisableEncodeUrlFilter@504274c1, org.springframework.security.web.context.request.async.WebAsyncManagerIntegrationFilter@16e5c19f, org.springframework.security.web.context.SecurityContextHolderFilter@310cc4d, org.springframework.security.web.header.HeaderWriterFilter@7d65c0ac, org.springframework.web.filter.CorsFilter@59263f7b, org.springframework.security.web.authentication.logout.LogoutFilter@32d46229, com.eventmanagement.security.JwtAuthFilter@2cb53bfc, org.springframework.security.web.savedrequest.RequestCacheAwareFilter@4a1c14a6, org.springframework.security.web.servletapi.SecurityContextHolderAwareRequestFilter@1bc1aa9e, org.springframework.security.web.authentication.AnonymousAuthenticationFilter@7ddcd3d, org.springframework.security.web.session.SessionManagementFilter@41538150, org.springframework.security.web.access.ExceptionTranslationFilter@460df441, org.springframework.security.web.access.intercept.AuthorizationFilter@4e111e08]
2026-04-06T12:40:35.106+05:30  WARN 27040 --- [           main] ConfigServletWebServerApplicationContext : Exception encountered during context initialization - cancelling refresh attempt: org.springframework.context.ApplicationContextException: Failed to start bean 'webServerStartStop'
2026-04-06T12:40:35.110+05:30  INFO 27040 --- [           main] j.LocalContainerEntityManagerFactoryBean : Closing JPA EntityManagerFactory for persistence unit 'default'
2026-04-06T12:40:35.124+05:30  INFO 27040 --- [           main] com.zaxxer.hikari.HikariDataSource       : HikariPool-1 - Shutdown initiated...
2026-04-06T12:40:35.652+05:30  INFO 27040 --- [           main] com.zaxxer.hikari.HikariDataSource       : HikariPool-1 - Shutdown completed.
2026-04-06T12:40:35.672+05:30  INFO 27040 --- [           main] .s.b.a.l.ConditionEvaluationReportLogger : 

Error starting ApplicationContext. To display the condition evaluation report re-run your application with 'debug' enabled.
2026-04-06T12:40:35.710+05:30 ERROR 27040 --- [           main] o.s.b.d.LoggingFailureAnalysisReporter   : 

***************************
APPLICATION FAILED TO START
***************************

Description:

Web server failed to start. Port 8080 was already in use.

Action:

Identify and stop the process that's listening on port 8080 or configure this application to listen on another port.


> Task :bootRun FAILED

[Incubating] Problems report is available at: file:///C:/Users/mpabh/event-management/backend/build/reports/problems/problems-report.html

FAILURE: Build failed 
with an exception.

* What went wrong:
Execution failed for task 
':bootRun'.
> Process 'command 'C:\Use
rs\mpabh\.jdks\openjdk-24.
0.2+12-54\bin\java.exe'' 
finished with non-zero 
exit value 1

* Try:
> Run with --stacktrace 
option to get the stack 
trace.
> Run with --info or 
--debug option to get 
more log output.
> Run with --scan to get 
full insights.
> Get more help at 
https://help.gradle.org.

Deprecated Gradle features were used in this build, making it incompatible with Gradle 9.0.

You can use '--warning-mode all' to show the individual deprecation warnings and determine if they come from your own scripts or plugins.

For more on this, please refer to https://docs.gradle.org/8.14/userguide/command_line_interface.html#sec:command_line_warnings in the Gradle documentation.

BUILD FAILED in 23s
4 actionable tasks: 1 executed, 3 up-to-date
