> Task :compileJava UP-TO-DATE
> Task :processResources UP-TO-DATE
> Task :classes UP-TO-DATE
> Task :resolveMainClassName UP-TO-DATE

> Task :bootRun

  .   ____          _            __ _ _
 /\\ / ___'_ __ _ _(_)_ __  __ _ \ \ \ \
( ( )\___ | '_ | '_| | '_ \/ _` | \ \ \ \
 \\/  ___)| |_)| | | | | || (_| |  ) ) ) )
  '  |____| .__|_| |_|_| |_\__, | / / / /
 =========|_|==============|___/=/_/_/_/
 :: Spring Boot ::                (v3.2.5)

2026-04-06T12:16:00.149+05:30  INFO 30376 --- [           main] c.e.EventManagementApplication           : Starting EventManagementApplication using Java 24.0.2 with PID 30376 (C:\Users\mpabh\event-management\backend\build\classes\java\main started by mpabh in C:\Users\mpabh\event-management\backend)
2026-04-06T12:16:00.152+05:30 DEBUG 30376 --- [           main] c.e.EventManagementApplication           : Running with Spring Boot v3.2.5, Spring v6.1.6
2026-04-06T12:16:00.153+05:30  INFO 30376 --- [           main] c.e.EventManagementApplication           : No active profile set, falling back to 1 default profile: "default"
2026-04-06T12:16:01.289+05:30  INFO 30376 --- [           main] .s.d.r.c.RepositoryConfigurationDelegate : Bootstrapping Spring Data JPA repositories in DEFAULT mode.
2026-04-06T12:16:01.389+05:30  INFO 30376 --- [           main] .s.d.r.c.RepositoryConfigurationDelegate : Finished Spring Data repository scanning in 81 ms. Found 2 JPA repository interfaces.
gradle.bat : WARNING: A 
restricted method in 
java.lang.System has been 
called
At line:1 char:177
+ ... C:\Users\mpabh\.jdks
\openjdk-24.0.2+12-54"; & 
$G bootRun 2>&1 | Out-F 
...
+                         
                        
~~~~~~~~~~~~~~~~~
    + CategoryInfo        
      : NotSpecified: (W  
  ARNING: A rest...has    
 been called:String) [    
], RemoteException
    + FullyQualifiedError 
   Id : NativeCommandErr  
  or
 
WARNING: 
java.lang.System::load 
has been called by org.apa
che.tomcat.jni.Library in 
an unnamed module (file:/C
:/Users/mpabh/.gradle/cach
es/modules-2/files-2.1/org
.apache.tomcat.embed/tomca
t-embed-core/10.1.20/ba0dc
784e12086f83d8e1d5a10443b1
66abf5780/tomcat-embed-cor
e-10.1.20.jar)
WARNING: Use --enable-nati
ve-access=ALL-UNNAMED to 
avoid a warning for 
callers in this module
WARNING: Restricted 
methods will be blocked 
in a future release 
unless native access is 
enabled

2026-04-06T12:16:02.076+05:30  INFO 30376 --- [           main] o.s.b.w.embedded.tomcat.TomcatWebServer  : Tomcat initialized with port 8080 (http)
2026-04-06T12:16:02.091+05:30  INFO 30376 --- [           main] o.apache.catalina.core.StandardService   : Starting service [Tomcat]
2026-04-06T12:16:02.091+05:30  INFO 30376 --- [           main] o.apache.catalina.core.StandardEngine    : Starting Servlet engine: [Apache Tomcat/10.1.20]
2026-04-06T12:16:02.183+05:30  INFO 30376 --- [           main] o.a.c.c.C.[Tomcat].[localhost].[/]       : Initializing Spring embedded WebApplicationContext
2026-04-06T12:16:02.183+05:30  INFO 30376 --- [           main] w.s.c.ServletWebServerApplicationContext : Root WebApplicationContext: initialization completed in 1947 ms
2026-04-06T12:16:02.203+05:30 ERROR 30376 --- [           main] o.s.b.web.embedded.tomcat.TomcatStarter  : Error starting Tomcat context. Exception: org.springframework.beans.factory.UnsatisfiedDependencyException. Message: Error creating bean with name 'jwtAuthFilter' defined in file [C:\Users\mpabh\event-management\backend\build\classes\java\main\com\eventmanagement\security\JwtAuthFilter.class]: Unsatisfied dependency expressed through constructor parameter 1: Error creating bean with name 'securityConfig' defined in file [C:\Users\mpabh\event-management\backend\build\classes\java\main\com\eventmanagement\config\SecurityConfig.class]: Unsatisfied dependency expressed through constructor parameter 0: Error creating bean with name 'jwtAuthFilter': Requested bean is currently in creation: Is there an unresolvable circular reference?
2026-04-06T12:16:02.228+05:30  INFO 30376 --- [           main] o.apache.catalina.core.StandardService   : Stopping service [Tomcat]
2026-04-06T12:16:02.238+05:30  WARN 30376 --- [           main] ConfigServletWebServerApplicationContext : Exception encountered during context initialization - cancelling refresh attempt: org.springframework.context.ApplicationContextException: Unable to start web server
2026-04-06T12:16:02.247+05:30  INFO 30376 --- [           main] .s.b.a.l.ConditionEvaluationReportLogger : 

Error starting ApplicationContext. To display the condition evaluation report re-run your application with 'debug' enabled.
2026-04-06T12:16:02.269+05:30 ERROR 30376 --- [           main] o.s.b.d.LoggingFailureAnalysisReporter   : 

***************************
APPLICATION FAILED TO START
***************************

Description:

The dependencies of some of the beans in the application context form a cycle:

ΓöîΓöÇΓöÇΓöÇΓöÇΓöÇΓöÉ
|  jwtAuthFilter defined in file [C:\Users\mpabh\event-management\backend\build\classes\java\main\com\eventmanagement\security\JwtAuthFilter.class]
Γåæ     Γåô
|  securityConfig defined in file [C:\Users\mpabh\event-management\backend\build\classes\java\main\com\eventmanagement\config\SecurityConfig.class]
ΓööΓöÇΓöÇΓöÇΓöÇΓöÇΓöÿ


Action:

Relying upon circular references is discouraged and they are prohibited by default. Update your application to remove the dependency cycle between beans. As a last resort, it may be possible to break the cycle automatically by setting spring.main.allow-circular-references to true.


> Task :bootRun FAILED


[Incubating] Problems report is available at: file:///C:/Users/mpabh/event-management/backend/build/reports/problems/problems-report.html
FAILURE: Build failed 
with an exception.

* What went wrong:
Execution failed for task 
':bootRun'.
> Process 'command 'C:\Use
rs\mpabh\.jdks\openjdk-24.
0.2+12-54\bin\java.exe'' 
finished with non-zero 
exit value 1

* Try:
> Run with --stacktrace 
option to get the stack 
trace.
> Run with --info or 
--debug option to get 
more log output.
> Run with --scan to get 
full insights.
> Get more help at 
https://help.gradle.org.

Deprecated Gradle features were used in this build, making it incompatible with Gradle 9.0.

You can use '--warning-mode all' to show the individual deprecation warnings and determine if they come from your own scripts or plugins.

For more on this, please refer to https://docs.gradle.org/8.14/userguide/command_line_interface.html#sec:command_line_warnings in the Gradle documentation.

BUILD FAILED in 6s
4 actionable tasks: 1 executed, 3 up-to-date
